// Jest Snapshot v1, https://goo.gl/fbAQLP

exports[`Home should render correctly 1`] = `
<div>
  <main
    class="sc-jSUZER etVWYg"
  >
    <header
      class="sc-bcXHqe GMPFw"
    >
      <a
        aria-current="page"
        class="active"
        data-testid="logo"
        href="/"
      >
        <img
          src=""
          width="50px"
        />
      </a>
      <h1
        class="sc-gswNZR heZsfo"
      >
        Vegane-se
      </h1>
      <div
        class="sc-dkrFOg fezFrT"
      >
        <div
          class="sc-hLBbgP jkdhxo"
        >
          <svg
            fill="#8047F8"
            height="18"
            viewBox="0 0 256 256"
            width="18"
            xmlns="http://www.w3.org/2000/svg"
          >
            <rect
              fill="none"
              height="256"
              width="256"
            />
            <path
              d="M128,16a88.1,88.1,0,0,0-88,88c0,75.3,80,132.2,83.4,134.6a8.3,8.3,0,0,0,9.2,0C136,236.2,216,179.3,216,104A88.1,88.1,0,0,0,128,16Zm0,56a32,32,0,1,1-32,32A32,32,0,0,1,128,72Z"
            />
          </svg>
          SENAC
        </div>
        <a
          class=""
          href="/checkout"
        >
          <button
            class="sc-eDvSVe clgNoH"
            data-testid="cart"
          >
            <svg
              fill="#C47F17"
              height="18"
              viewBox="0 0 256 256"
              width="18"
              xmlns="http://www.w3.org/2000/svg"
            >
              <rect
                fill="none"
                height="256"
                width="256"
              />
              <path
                d="M223.9,65.4l-12.2,66.9A24,24,0,0,1,188.1,152H72.1l4.4,24H184a24,24,0,1,1-24,24,23.6,23.6,0,0,1,1.4-8H102.6a23.6,23.6,0,0,1,1.4,8,24,24,0,1,1-42.2-15.6L34.1,32H16a8,8,0,0,1,0-16H34.1A16,16,0,0,1,49.8,29.1L54.7,56H216a7.9,7.9,0,0,1,6.1,2.9A7.7,7.7,0,0,1,223.9,65.4Z"
              />
            </svg>
          </button>
        </a>
      </div>
    </header>
    <div
      class="sc-iBYQkv gbiUwc"
    >
      <div
        class="sc-ftTHYK bOyEqK"
      >
        <div
          class="sc-pyfCe kRMHUl"
        >
          <div>
            <h1>
              Encontre a refeição vegana perfeita para qualquer hora do dia
            </h1>
            <br />
            <p>
              Com o Vegane-se você recebe sua comida saudável onde estiver, a qualquer hora
            </p>
          </div>
          <div
            class="sc-jrcTuL cpSgFE"
          >
            <div>
              <svg
                fill="#030303"
                height="17"
                viewBox="0 0 256 256"
                width="17"
                xmlns="http://www.w3.org/2000/svg"
              >
                <rect
                  fill="none"
                  height="256"
                  width="256"
                />
                <path
                  d="M223.9,65.4l-12.2,66.9A24,24,0,0,1,188.1,152H72.1l4.4,24H184a24,24,0,1,1-24,24,23.6,23.6,0,0,1,1.4-8H102.6a23.6,23.6,0,0,1,1.4,8,24,24,0,1,1-42.2-15.6L34.1,32H16a8,8,0,0,1,0-16H34.1A16,16,0,0,1,49.8,29.1L54.7,56H216a7.9,7.9,0,0,1,6.1,2.9A7.7,7.7,0,0,1,223.9,65.4Z"
                />
              </svg>
              <p>
                Compra simples e segura
              </p>
            </div>
            <div>
              <svg
                fill="#030303"
                height="17"
                viewBox="0 0 256 256"
                width="17"
                xmlns="http://www.w3.org/2000/svg"
              >
                <rect
                  fill="none"
                  height="256"
                  width="256"
                />
                <path
                  d="M229.9,70.8h0a.1.1,0,0,1-.1-.1,16.2,16.2,0,0,0-6-5.9l-88-49.5a16,16,0,0,0-15.6,0l-88,49.5a16.2,16.2,0,0,0-6,5.9.1.1,0,0,1-.1.1v.2A15,15,0,0,0,24,78.7v98.6a16.1,16.1,0,0,0,8.2,14l88,49.5a16.5,16.5,0,0,0,7.2,2h1.4a15.7,15.7,0,0,0,7-2l88-49.5a16.1,16.1,0,0,0,8.2-14V78.7A15.6,15.6,0,0,0,229.9,70.8ZM128,29.2,207.7,74,177.1,91.4,96.4,46.9Zm.9,89.6L48.4,74,80,56.2l80.8,44.5Zm7.2,103.5.8-89.6L169,114.4v38.1a8,8,0,0,0,16,0V105.3l31-17.6v89.6Z"
                />
              </svg>
              <p>
                Embalagem mantém a comida intacta
              </p>
            </div>
            <div>
              <svg
                fill="#030303"
                height="17"
                viewBox="0 0 256 256"
                width="17"
                xmlns="http://www.w3.org/2000/svg"
              >
                <rect
                  fill="none"
                  height="256"
                  width="256"
                />
                <path
                  d="M104,16h48a8,8,0,0,0,0-16H104a8,8,0,0,0,0,16Z"
                />
                <path
                  d="M128,32a96,96,0,1,0,96,96A96.2,96.2,0,0,0,128,32Zm45.3,62.1-39.6,39.6a8.2,8.2,0,0,1-11.4,0,8.1,8.1,0,0,1,0-11.4l39.6-39.6a8.1,8.1,0,1,1,11.4,11.4Z"
                />
              </svg>
              <p>
                Entrega rápida e rastreada
              </p>
            </div>
            <div>
              <svg
                fill="#030303"
                height="17"
                viewBox="0 0 256 256"
                width="17"
                xmlns="http://www.w3.org/2000/svg"
              >
                <rect
                  fill="none"
                  height="256"
                  width="256"
                />
                <path
                  d="M80,56V24a8,8,0,0,1,16,0V56a8,8,0,0,1-16,0Zm40,8a8,8,0,0,0,8-8V24a8,8,0,0,0-16,0V56A8,8,0,0,0,120,64Zm32,0a8,8,0,0,0,8-8V24a8,8,0,0,0-16,0V56A8,8,0,0,0,152,64Zm96,56v8a40,40,0,0,1-37.5,39.9,98,98,0,0,1-27,40.1H208a8,8,0,0,1,0,16H32a8,8,0,0,1,0-16H56.5A96.4,96.4,0,0,1,24,136V88a8,8,0,0,1,8-8H208A40,40,0,0,1,248,120Zm-16,0a24,24,0,0,0-16-22.6V136a92.9,92.9,0,0,1-1.2,15A24,24,0,0,0,232,128Z"
                />
              </svg>
              <p>
                A comida chega fresquinha
              </p>
            </div>
          </div>
        </div>
        <img
          src=""
        />
      </div>
    </div>
    <div
      class="sc-gKPRtg gmirBA"
    >
      <h2>
        Nossas comidas
      </h2>
    </div>
  </main>
</div>
`;
