// Jest Snapshot v1, https://goo.gl/fbAQLP

exports[`Localization should render correctly 1`] = `
<div>
  <button
    class="sc-bcXHqe kyvJqT"
  >
    Calcular Frete
  </button>
</div>
`;
